// Jest Snapshot v1, https://goo.gl/fbAQLP

exports[`<Header /> should render a div 1`] = `
<div>
  <a
    class="sc-AxjAm sc-AxirZ bzNuzD"
    href="https://www.reactboilerplate.com/"
  >
    <img
      alt="react-boilerplate - Logo"
      class="sc-AxiKw gimwlj"
      src="IMAGE_MOCK"
    />
  </a>
  <div
    class="sc-AxhCb cinyOp"
  >
    <a
      class="sc-AxhUy fgxqMS"
      href="/"
    >
      Home
    </a>
    <a
      class="sc-AxhUy fgxqMS"
      href="/features"
    >
      Features
    </a>
  </div>
</div>
`;
