// Jest Snapshot v1, https://goo.gl/fbAQLP

exports[`<HomePage /> should render and match the snapshot 1`] = `
<article>
  <div>
    <section
      class="sc-fzplWN sc-fznyAO YwKGU"
    >
      <h2
        class="sc-AxjAm dAwvnB"
      >
        Start your next react project in seconds
      </h2>
      <p>
        A highly scalable, offline-first foundation with the best DX and a focus on performance and best practices
      </p>
    </section>
    <section
      class="sc-fzplWN hMDonW"
    >
      <h2
        class="sc-AxjAm dAwvnB"
      >
        Try me!
      </h2>
      <form
        class="sc-fznKkj PQxVy"
      >
        <label
          for="username"
        >
          Show Github repositories by
          <span
            class="sc-fzpans deXdJw"
          >
            @
          </span>
          <input
            class="sc-fznZeY kHBSZP"
            id="username"
            placeholder="mxstbr"
            type="text"
            value=""
          />
        </label>
      </form>
      <div
        class="sc-AxiKw dnFUXj"
      >
        <ul
          class="sc-AxirZ hXJCZk"
        />
      </div>
    </section>
  </div>
</article>
`;
